---
source: tdx-attest/src/eventlog.rs
assertion_line: 136
expression: event_logs.event_logs
snapshot_kind: text
---
[
    TcgEventLog {
        imr_index: 1,
        event_type: 2147483659,
        digests: [
            "2b630fa1d8fa9b6e8c6507d2256803ed227888f7d1f62ca5cfbddfe495338b1c6a0fc339ea64700f0835c0897a662789",
        ],
        event: "095464785461626c65000100000000000000af96bb93f2b9b84e9462e0ba745642360090800000000000",
    },
    TcgEventLog {
        imr_index: 1,
        event_type: 2147483658,
        digests: [
            "344bc51c980ba621aaa00da3ed7436f7d6e549197dfe699515dfa2c6583d95e6412af21c097d473155875ffd561d6790",
        ],
        event: "2946762858585858585858582d585858582d585858582d585858582d58585858585858585858585829000000c0ff000000000040080000000000",
    },
    TcgEventLog {
        imr_index: 1,
        event_type: 2147483649,
        digests: [
            "9dc3a1f80bcec915391dcda5ffbb15e7419f77eab462bbf72b42166fb70d50325e37b36f93537a863769bcf9bedae6fb",
        ],
        event: "61dfe48bca93d211aa0d00e098032b8c0a00000000000000000000000000000053006500630075007200650042006f006f007400",
    },
    TcgEventLog {
        imr_index: 1,
        event_type: 2147483649,
        digests: [
            "6f2e3cbc14f9def86980f5f66fd85e99d63e69a73014ed8a5633ce56eca5b64b692108c56110e22acadcef58c3250f1b",
        ],
        event: "61dfe48bca93d211aa0d00e098032b8c0200000000000000000000000000000050004b00",
    },
    TcgEventLog {
        imr_index: 1,
        event_type: 2147483649,
        digests: [
            "d607c0efb41c0d757d69bca0615c3a9ac0b1db06c557d992e906c6b7dee40e0e031640c7bfd7bcd35844ef9edeadc6f9",
        ],
        event: "61dfe48bca93d211aa0d00e098032b8c030000000000000000000000000000004b0045004b00",
    },
    TcgEventLog {
        imr_index: 1,
        event_type: 2147483649,
        digests: [
            "08a74f8963b337acb6c93682f934496373679dd26af1089cb4eaf0c30cf260a12e814856385ab8843e56a9acea19e127",
        ],
        event: "cbb219d73a3d9645a3bcdad00e67656f0200000000000000000000000000000064006200",
    },
    TcgEventLog {
        imr_index: 1,
        event_type: 2147483649,
        digests: [
            "18cc6e01f0c6ea99aa23f8a280423e94ad81d96d0aeb5180504fc0f7a40cb3619dd39bd6a95ec1680a86ed6ab0f9828d",
        ],
        event: "cbb219d73a3d9645a3bcdad00e67656f03000000000000000000000000000000640062007800",
    },
    TcgEventLog {
        imr_index: 1,
        event_type: 4,
        digests: [
            "394341b7182cd227c5c6b07ef8000cdfd86136c4292b8e576573ad7ed9ae41019f5818b4b971c9effc60e1ad9f1289f0",
        ],
        event: "00000000",
    },
    TcgEventLog {
        imr_index: 1,
        event_type: 10,
        digests: [
            "68cd79315e70aecd4afe7c1b23a5ed7b3b8e51a477e1739f111b3156def86bbc56ebf239dcd4591bc7a9fff90023f481",
        ],
        event: "414350492044415441",
    },
    TcgEventLog {
        imr_index: 1,
        event_type: 10,
        digests: [
            "6bc203b3843388cc4918459c3f5c6d1300a796fb594781b7ecfaa3ae7456975f095bfcc1156c9f2d25e8b8bc1b520f66",
        ],
        event: "414350492044415441",
    },
    TcgEventLog {
        imr_index: 1,
        event_type: 10,
        digests: [
            "444cf35d277a7b6049faf4ff23165e256e716eaad4650aeef6afae8e2dca3359b40c1b2eb997c5568f956616310c9147",
        ],
        event: "414350492044415441",
    },
    TcgEventLog {
        imr_index: 2,
        event_type: 2147483651,
        digests: [
            "a0832ba01668bfd12ac376617f3574d286e5331fddbe60a35683db80960ab5a2e588f00626beb0f033e2e7f6b306819f",
        ],
        event: "1840d93c00000000002450000000000000000000000000002a000000000000000403140072f728144ab61e44b8c39ebdd7f893c7040412006b00650072006e0065006c0000007fff0400",
    },
    TcgEventLog {
        imr_index: 1,
        event_type: 2147483650,
        digests: [
            "1dd6f7b457ad880d840d41c961283bab688e94e4b59359ea45686581e90feccea3c624b1226113f824f315eb60ae0a7c",
        ],
        event: "61dfe48bca93d211aa0d00e098032b8c0900000000000000020000000000000042006f006f0074004f0072006400650072000000",
    },
    TcgEventLog {
        imr_index: 1,
        event_type: 2147483650,
        digests: [
            "23ada07f5261f12f34a0bd8e46760962d6b4d576a416f1fea1c64bc656b1d28eacf7047ae6e967c58fd2a98bfa74c298",
        ],
        event: "61dfe48bca93d211aa0d00e098032b8c08000000000000003e0000000000000042006f006f0074003000300030003000090100002c0055006900410070007000000004071400c9bdb87cebf8344faaea3ee4af6516a10406140021aa2c4614760345836e8ab6f46623317fff0400",
    },
    TcgEventLog {
        imr_index: 2,
        event_type: 2147483655,
        digests: [
            "77a0dab2312b4e1e57a84d865a21e5b2ee8d677a21012ada819d0a98988078d3d740f6346bfe0abaa938ca20439a8d71",
        ],
        event: "43616c6c696e6720454649204170706c69636174696f6e2066726f6d20426f6f74204f7074696f6e",
    },
    TcgEventLog {
        imr_index: 2,
        event_type: 4,
        digests: [
            "394341b7182cd227c5c6b07ef8000cdfd86136c4292b8e576573ad7ed9ae41019f5818b4b971c9effc60e1ad9f1289f0",
        ],
        event: "00000000",
    },
    TcgEventLog {
        imr_index: 2,
        event_type: 2147483655,
        digests: [
            "214b0bef1379756011344877743fdc2a5382bac6e70362d624ccf3f654407c1b4badf7d8f9295dd3dabdef65b27677e0",
        ],
        event: "4578697420426f6f7420536572766963657320496e766f636174696f6e",
    },
    TcgEventLog {
        imr_index: 2,
        event_type: 2147483655,
        digests: [
            "0a2e01c85deae718a530ad8c6d20a84009babe6c8989269e950d8cf440c6e997695e64d455c4174a652cd080f6230b74",
        ],
        event: "4578697420426f6f742053657276696365732052657475726e656420776974682053756363657373",
    },
]
